12:49:18 === 窓口起動 ===
12:49:18 コード発行: 54FE-04CF (期限 13:03)
13:03:52 コード発行: FCA0-928D (期限 13:18)
13:18:27 コード発行: A49D-097D (期限 13:32)
13:33:01 コード発行: A0EF-2C69 (期限 13:47)
13:47:36 コード発行: 6D9E-0FE3 (期限 14:02)
14:02:10 コード発行: 95F9-4292 (期限 14:16)
14:16:43 コード発行: 360E-B547 (期限 14:31)
14:31:13 コード発行: F118-004C (期限 14:45)
14:45:46 コード発行: 67CB-48CB (期限 15:00)
15:00:20 コード発行: 4685-41C8 (期限 15:14)
15:14:54 コード発行: B803-F446 (期限 15:29)
15:29:26 コード発行: 58B8-94E1 (期限 15:43)
15:43:57 コード発行: 950A-DA54 (期限 15:58)
15:58:28 コード発行: 7298-75E6 (期限 16:12)
16:13:02 コード発行: 3040-D4A0 (期限 16:27)
16:27:33 コード発行: 968B-22FF (期限 16:42)
16:29:37 NETLIFY === Netlify窓口起動 ===
16:29:37 NETLIFY netlify login 実行
16:29:55 NETLIFY ログイン成功
16:42:07 コード発行: AF35-BB71 (期限 16:56)
16:43:59 認証成功
16:44:00 gh CLI登録完了
16:44:00 公開スクリプト開始
